final_regressor = mwt.model
predictions = cb_eval1.preds
Num weight bits = 18
learning rate = 0.5
initial_t = 0
power_t = 0.5
using no cache
Reading datafile = train-sets/cb_eval1
num sources = 1
average  since         example        example  current  current  current
loss     last          counter         weight    label  predict features
0.000000 0.000000            1            1.0  unknown        0        3
0.000000 0.000000            2            2.0  unknown        0        3
0.000000 0.000000            4            4.0  unknown        0        3

finished run
number of examples per pass = 4
passes used = 1
weighted example sum = 4.000000
weighted label sum = 0.000000
average loss = 0.000000
total feature number = 12
