using l2 regularization = 1
predictions = ksvm_train.linear.predict
Lambda = 1
Kernel = linear
Num weight bits = 18
learning rate = 0.5
initial_t = 0
power_t = 0.5
using no cache
Reading datafile = train-sets/rcv1_smaller.dat
num sources = 1
average  since         example        example  current  current  current
loss     last          counter         weight    label  predict features
1.000000 1.000000            1            1.0   1.0000   0.0000       50
1.266108 1.532215            2            2.0  -1.0000   0.5322      103
1.057618 0.849129            4            4.0  -1.0000  -0.3516      134
0.934103 0.810587            8            8.0  -1.0000  -0.4867      145
0.893958 0.853813           16           16.0   1.0000  -0.3793       23
0.902902 0.911846           32           32.0  -1.0000  -0.1741       31
0.893234 0.883566           64           64.0  -1.0000  -0.7533       60
0.892756 0.892279          128          128.0   1.0000   0.0398      105

finished run
number of examples = 250
weighted example sum = 250.000000
weighted label sum = -22.000000
average loss = 0.804496
best constant = -0.088000
best constant's loss = 0.992256
total feature number = 19870
Num support = 244
Number of kernel evaluations = 171423 Number of cache queries = 116760
Total loss = 201.124069
Done freeing model
Done freeing kernel params
Done with finish 
